INFO [06-21|14:06:32.004] Maximum peer count                       ETH=50 total=50
DEBUG[06-21|14:06:32.008] FS scan times                            list="525.2µs" set=0s diff=0s
DEBUG[06-21|14:06:32.010] Sanitizing Go's GC trigger               percent=100
INFO [06-21|14:06:32.011] Set global gas cap                       cap=50,000,000
INFO [06-21|14:06:32.012] Configured Ethereum protocol versions    capabilities=[68]
INFO [06-21|14:06:32.013] Initializing the KZG library             backend=gokzg
INFO [06-21|14:06:32.027] Allocated trie memory caches             clean=154.00MiB dirty=256.00MiB
INFO [06-21|14:06:32.028] Using pebble as the backing database
INFO [06-21|14:06:32.028] Allocated cache and file handles         database=C:\Users\hendo420\OneDrive\Documents\GitHub\Qgeth3\quantum-geth\qdata\geth\chaindata cache=512.00MiB handles=8192
DEBUG[06-21|14:06:32.038] Chain freezer table opened               database=C:\Users\hendo420\OneDrive\Documents\GitHub\Qgeth3\quantum-geth\qdata\geth\chaindata\ancient/chain table=receipts items=0 size=0.00B
DEBUG[06-21|14:06:32.039] Chain freezer table opened               database=C:\Users\hendo420\OneDrive\Documents\GitHub\Qgeth3\quantum-geth\qdata\geth\chaindata\ancient/chain table=diffs items=0 size=0.00B
DEBUG[06-21|14:06:32.041] Chain freezer table opened               database=C:\Users\hendo420\OneDrive\Documents\GitHub\Qgeth3\quantum-geth\qdata\geth\chaindata\ancient/chain table=headers items=0 size=0.00B
DEBUG[06-21|14:06:32.042] Chain freezer table opened               database=C:\Users\hendo420\OneDrive\Documents\GitHub\Qgeth3\quantum-geth\qdata\geth\chaindata\ancient/chain table=hashes items=0 size=0.00B
DEBUG[06-21|14:06:32.044] Chain freezer table opened               database=C:\Users\hendo420\OneDrive\Documents\GitHub\Qgeth3\quantum-geth\qdata\geth\chaindata\ancient/chain table=bodies items=0 size=0.00B
INFO [06-21|14:06:32.044] Opened ancient database                  database=C:\Users\hendo420\OneDrive\Documents\GitHub\Qgeth3\quantum-geth\qdata\geth\chaindata\ancient/chain readonly=false
INFO [06-21|14:06:32.044] State schema set to default              scheme=hash
DEBUG[06-21|14:06:32.044] Current full block hash unavailable
ERROR[06-21|14:06:32.045] "❌ No consensus engine configured - QMPoW, Clique, or Lyra2 required"
panic: No valid consensus engine configured

goroutine 1 [running]:
github.com/ethereum/go-ethereum/eth/ethconfig.CreateConsensusEngine(0x0?, 0xc000008bb8?, 0x200?, 0x2000?, 0x0, {0x0?, 0x1f94e90?, 0x11?}, 0x80?, {0x2e2dab8, ...})
	C:/Users/hendo420/OneDrive/Documents/GitHub/Qgeth3/quantum-geth/eth/ethconfig/config.go:263 +0x505
github.com/ethereum/go-ethereum/eth.New(0xc0003ce360, 0xc0000ab000)
	C:/Users/hendo420/OneDrive/Documents/GitHub/Qgeth3/quantum-geth/eth/backend.go:186 +0x865
github.com/ethereum/go-ethereum/cmd/utils.RegisterEthService(0x0?, 0x1f90db2?)
	C:/Users/hendo420/OneDrive/Documents/GitHub/Qgeth3/quantum-geth/cmd/utils/flags.go:2304 +0x25
main.makeFullNode(0xc00077fbc8?)
	C:/Users/hendo420/OneDrive/Documents/GitHub/Qgeth3/quantum-geth/cmd/geth/config.go:202 +0x47e
main.geth(0xc0000a7b40)
	C:/Users/hendo420/OneDrive/Documents/GitHub/Qgeth3/quantum-geth/cmd/geth/main.go:400 +0xe5
github.com/urfave/cli/v2.(*Command).Run(0xc00027d8c0, 0xc0000a7b40, {0xc00015e000, 0xc, 0x10})
	C:/Users/hendo420/go/pkg/mod/github.com/urfave/cli/v2@v2.25.7/command.go:274 +0x998
github.com/urfave/cli/v2.(*App).RunContext(0xc0007525a0, {0x2e18bd8?, 0x3ccfc60}, {0xc00015e000, 0xc, 0x10})
	C:/Users/hendo420/go/pkg/mod/github.com/urfave/cli/v2@v2.25.7/app.go:332 +0x5b7
github.com/urfave/cli/v2.(*App).Run(...)
	C:/Users/hendo420/go/pkg/mod/github.com/urfave/cli/v2@v2.25.7/app.go:309
main.main()
	C:/Users/hendo420/OneDrive/Documents/GitHub/Qgeth3/quantum-geth/cmd/geth/main.go:299 +0x45
